// Jest Snapshot v1, https://goo.gl/fbAQLP

exports[`renders loader component correctly 1`] = `
<View
  collapsable={false}
  style={
    {
      "alignSelf": "center",
      "flex": 1,
      "justifyContent": "center",
      "opacity": 0,
    }
  }
>
  <Image
    source={
      {
        "testUri": "../../../assets/waiting.png",
      }
    }
    style={
      [
        {
          "height": 50,
          "paddingtop": "10em",
          "pagging": "20em",
          "width": 50,
        },
      ]
    }
  />
</View>
`;
